V3 111
FL /home/pdp/Repository/ProcessorDesignProject/plasma_PDP/rtl/alu.vhd 2017/05/12.08:35:53 P.20131013
EN work/alu 1494572042 \
      FL /home/pdp/Repository/ProcessorDesignProject/plasma_PDP/rtl/alu.vhd \
      PB ieee/std_logic_1164 1381692176 PB work/mlite_pack 1494572029
AR work/alu/logic 1494572043 \
      FL /home/pdp/Repository/ProcessorDesignProject/plasma_PDP/rtl/alu.vhd \
      EN work/alu 1494572042
FL /home/pdp/Repository/ProcessorDesignProject/plasma_PDP/rtl/boot_ram.vhd 2017/05/12.08:35:53 P.20131013
EN work/boot_ram 1494572058 \
      FL /home/pdp/Repository/ProcessorDesignProject/plasma_PDP/rtl/boot_ram.vhd \
      PB ieee/std_logic_1164 1381692176 PB ieee/STD_LOGIC_UNSIGNED 1381692179 \
      PB work/mlite_pack 1494572029 LB unisim PH unisim/VCOMPONENTS 1381692182
AR work/boot_ram/logic 1494572059 \
      FL /home/pdp/Repository/ProcessorDesignProject/plasma_PDP/rtl/boot_ram.vhd \
      EN work/boot_ram 1494572058 CP RAMB16_S9
FL /home/pdp/Repository/ProcessorDesignProject/plasma_PDP/rtl/bus_mux.vhd 2017/05/12.08:35:53 P.20131013
EN work/bus_mux 1494572040 \
      FL /home/pdp/Repository/ProcessorDesignProject/plasma_PDP/rtl/bus_mux.vhd \
      PB ieee/std_logic_1164 1381692176 PB work/mlite_pack 1494572029
AR work/bus_mux/logic 1494572041 \
      FL /home/pdp/Repository/ProcessorDesignProject/plasma_PDP/rtl/bus_mux.vhd \
      EN work/bus_mux 1494572040
FL /home/pdp/Repository/ProcessorDesignProject/plasma_PDP/rtl/cache.vhd 2017/05/12.08:51:19 P.20131013
EN work/cache 1494572056 \
      FL /home/pdp/Repository/ProcessorDesignProject/plasma_PDP/rtl/cache.vhd \
      PB ieee/std_logic_1164 1381692176 PB ieee/STD_LOGIC_UNSIGNED 1381692179 \
      LB unisim PH unisim/VCOMPONENTS 1381692182 PB work/mlite_pack 1494572029
AR work/cache/logic 1494572057 \
      FL /home/pdp/Repository/ProcessorDesignProject/plasma_PDP/rtl/cache.vhd \
      EN work/cache 1494572056 CP RAMB16_S9 CP cache_ram
FL /home/pdp/Repository/ProcessorDesignProject/plasma_PDP/rtl/cache_ram.vhd 2017/05/12.08:39:17 P.20131013
EN work/cache_ram 1494572030 \
      FL /home/pdp/Repository/ProcessorDesignProject/plasma_PDP/rtl/cache_ram.vhd \
      PB ieee/std_logic_1164 1381692176 PB ieee/STD_LOGIC_UNSIGNED 1381692179 \
      PB work/mlite_pack 1494572029 LB unisim PH unisim/VCOMPONENTS 1381692182
AR work/cache_ram/logic 1494572031 \
      FL /home/pdp/Repository/ProcessorDesignProject/plasma_PDP/rtl/cache_ram.vhd \
      EN work/cache_ram 1494572030 CP RAMB16_S9
FL /home/pdp/Repository/ProcessorDesignProject/plasma_PDP/rtl/clk_gen.vhd 2017/05/12.08:35:53 P.20131013
EN work/clk_gen 1494572062 \
      FL /home/pdp/Repository/ProcessorDesignProject/plasma_PDP/rtl/clk_gen.vhd \
      PB ieee/std_logic_1164 1381692176 LB unisim PH unisim/VCOMPONENTS 1381692182
AR work/clk_gen/logic 1494572063 \
      FL /home/pdp/Repository/ProcessorDesignProject/plasma_PDP/rtl/clk_gen.vhd \
      EN work/clk_gen 1494572062 CP DCM_BASE CP BUFG
FL /home/pdp/Repository/ProcessorDesignProject/plasma_PDP/rtl/control.vhd 2017/05/12.08:35:53 P.20131013
EN work/control 1494572036 \
      FL /home/pdp/Repository/ProcessorDesignProject/plasma_PDP/rtl/control.vhd \
      PB ieee/std_logic_1164 1381692176 PB work/mlite_pack 1494572029
AR work/control/logic 1494572037 \
      FL /home/pdp/Repository/ProcessorDesignProject/plasma_PDP/rtl/control.vhd \
      EN work/control 1494572036
FL /home/pdp/Repository/ProcessorDesignProject/plasma_PDP/rtl/ddr_ctrl.vhd 2017/05/12.08:35:53 P.20131013
EN work/ddr_ctrl 1494572052 \
      FL /home/pdp/Repository/ProcessorDesignProject/plasma_PDP/rtl/ddr_ctrl.vhd \
      PB ieee/std_logic_1164 1381692176 PB ieee/STD_LOGIC_UNSIGNED 1381692179 \
      PB ieee/std_logic_arith 1381692177 PB work/mlite_pack 1494572029
AR work/ddr_ctrl/logic 1494572053 \
      FL /home/pdp/Repository/ProcessorDesignProject/plasma_PDP/rtl/ddr_ctrl.vhd \
      EN work/ddr_ctrl 1494572052
FL /home/pdp/Repository/ProcessorDesignProject/plasma_PDP/rtl/ddr_ctrl_top.vhd 2017/05/12.08:35:53 P.20131013
EN work/ddr_ctrl_top 1494572066 \
      FL /home/pdp/Repository/ProcessorDesignProject/plasma_PDP/rtl/ddr_ctrl_top.vhd \
      PB ieee/std_logic_1164 1381692176 PB ieee/STD_LOGIC_UNSIGNED 1381692179 \
      PB ieee/std_logic_arith 1381692177 PB work/mlite_pack 1494572029
AR work/ddr_ctrl_top/logic 1494572067 \
      FL /home/pdp/Repository/ProcessorDesignProject/plasma_PDP/rtl/ddr_ctrl_top.vhd \
      EN work/ddr_ctrl_top 1494572066 CP ddr_init CP ddr_ctrl
FL /home/pdp/Repository/ProcessorDesignProject/plasma_PDP/rtl/ddr_init.vhd 2017/05/12.08:49:11 P.20131013
EN work/ddr_init 1494572050 \
      FL /home/pdp/Repository/ProcessorDesignProject/plasma_PDP/rtl/ddr_init.vhd \
      PB ieee/std_logic_1164 1381692176 PB ieee/STD_LOGIC_UNSIGNED 1381692179 \
      PB ieee/std_logic_arith 1381692177
AR work/ddr_init/logic 1494572051 \
      FL /home/pdp/Repository/ProcessorDesignProject/plasma_PDP/rtl/ddr_init.vhd \
      EN work/ddr_init 1494572050
FL /home/pdp/Repository/ProcessorDesignProject/plasma_PDP/rtl/mem_ctrl.vhd 2017/05/12.08:35:53 P.20131013
EN work/mem_ctrl 1494572034 \
      FL /home/pdp/Repository/ProcessorDesignProject/plasma_PDP/rtl/mem_ctrl.vhd \
      PB ieee/std_logic_1164 1381692176 PB work/mlite_pack 1494572029
AR work/mem_ctrl/logic 1494572035 \
      FL /home/pdp/Repository/ProcessorDesignProject/plasma_PDP/rtl/mem_ctrl.vhd \
      EN work/mem_ctrl 1494572034
FL /home/pdp/Repository/ProcessorDesignProject/plasma_PDP/rtl/mlite_cpu.vhd 2017/05/12.08:35:53 P.20131013
EN work/mlite_cpu 1494572054 \
      FL /home/pdp/Repository/ProcessorDesignProject/plasma_PDP/rtl/mlite_cpu.vhd \
      PB work/mlite_pack 1494572029 PB ieee/std_logic_1164 1381692176 \
      PB ieee/STD_LOGIC_UNSIGNED 1381692179
AR work/mlite_cpu/logic 1494572055 \
      FL /home/pdp/Repository/ProcessorDesignProject/plasma_PDP/rtl/mlite_cpu.vhd \
      EN work/mlite_cpu 1494572054 CP pc_next CP mem_ctrl CP control CP reg_bank \
      CP bus_mux CP alu CP shifter CP mult CP pipeline
FL /home/pdp/Repository/ProcessorDesignProject/plasma_PDP/rtl/mlite_pack.vhd 2017/05/12.08:35:53 P.20131013
PH work/mlite_pack 1494572028 \
      FL /home/pdp/Repository/ProcessorDesignProject/plasma_PDP/rtl/mlite_pack.vhd \
      PB ieee/std_logic_1164 1381692176 CD lpm_ram_dp CD LPM_RAM_DQ CD RAM32X1D \
      CD pc_next CD mem_ctrl CD control CD reg_bank CD bus_mux CD alu CD shifter \
      CD mult CD pipeline CD mlite_cpu CD cache CD cache_ram CD boot_ram CD uart \
      CD plasma CD ddr_ctrl
PB work/mlite_pack 1494572029 \
      FL /home/pdp/Repository/ProcessorDesignProject/plasma_PDP/rtl/mlite_pack.vhd \
      PH work/mlite_pack 1494572028
FL /home/pdp/Repository/ProcessorDesignProject/plasma_PDP/rtl/mult.vhd 2017/05/12.08:35:53 P.20131013
EN work/mult 1494572046 \
      FL /home/pdp/Repository/ProcessorDesignProject/plasma_PDP/rtl/mult.vhd \
      PB ieee/std_logic_1164 1381692176 PB ieee/STD_LOGIC_UNSIGNED 1381692179 \
      PB ieee/std_logic_arith 1381692177 PB work/mlite_pack 1494572029
AR work/mult/logic 1494572047 \
      FL /home/pdp/Repository/ProcessorDesignProject/plasma_PDP/rtl/mult.vhd \
      EN work/mult 1494572046
FL /home/pdp/Repository/ProcessorDesignProject/plasma_PDP/rtl/pc_next.vhd 2017/05/12.08:35:53 P.20131013
EN work/pc_next 1494572032 \
      FL /home/pdp/Repository/ProcessorDesignProject/plasma_PDP/rtl/pc_next.vhd \
      PB ieee/std_logic_1164 1381692176 PB work/mlite_pack 1494572029
AR work/pc_next/logic 1494572033 \
      FL /home/pdp/Repository/ProcessorDesignProject/plasma_PDP/rtl/pc_next.vhd \
      EN work/pc_next 1494572032
FL /home/pdp/Repository/ProcessorDesignProject/plasma_PDP/rtl/pipeline.vhd 2017/05/12.08:35:53 P.20131013
EN work/pipeline 1494572048 \
      FL /home/pdp/Repository/ProcessorDesignProject/plasma_PDP/rtl/pipeline.vhd \
      PB ieee/std_logic_1164 1381692176 PB work/mlite_pack 1494572029
AR work/pipeline/logic 1494572049 \
      FL /home/pdp/Repository/ProcessorDesignProject/plasma_PDP/rtl/pipeline.vhd \
      EN work/pipeline 1494572048
FL /home/pdp/Repository/ProcessorDesignProject/plasma_PDP/rtl/plasma.vhd 2017/05/12.08:39:17 P.20131013
EN work/plasma 1494572064 \
      FL /home/pdp/Repository/ProcessorDesignProject/plasma_PDP/rtl/plasma.vhd \
      PB ieee/std_logic_1164 1381692176 PB work/mlite_pack 1494572029
AR work/plasma/logic 1494572065 \
      FL /home/pdp/Repository/ProcessorDesignProject/plasma_PDP/rtl/plasma.vhd \
      EN work/plasma 1494572064 CP mlite_cpu CP cache CP boot_ram CP uart
FL /home/pdp/Repository/ProcessorDesignProject/plasma_PDP/rtl/plasma_top.vhd 2017/05/12.08:39:17 P.20131013
EN work/plasma_top 1494572068 \
      FL /home/pdp/Repository/ProcessorDesignProject/plasma_PDP/rtl/plasma_top.vhd \
      PB ieee/std_logic_1164 1381692176 PB ieee/STD_LOGIC_UNSIGNED 1381692179 \
      PB ieee/std_logic_arith 1381692177 LB unisim PH unisim/VCOMPONENTS 1381692182
AR work/plasma_top/logic 1494572069 \
      FL /home/pdp/Repository/ProcessorDesignProject/plasma_PDP/rtl/plasma_top.vhd \
      EN work/plasma_top 1494572068 CP IBUF CP clk_gen CP plasma CP ddr_ctrl_top
FL /home/pdp/Repository/ProcessorDesignProject/plasma_PDP/rtl/reg_bank.vhd 2017/05/12.08:35:53 P.20131013
EN work/reg_bank 1494572038 \
      FL /home/pdp/Repository/ProcessorDesignProject/plasma_PDP/rtl/reg_bank.vhd \
      PB ieee/std_logic_1164 1381692176 PB ieee/STD_LOGIC_UNSIGNED 1381692179 \
      PB work/mlite_pack 1494572029 LB unisim PH unisim/VCOMPONENTS 1381692182
AR work/reg_bank/ram_block 1494572039 \
      FL /home/pdp/Repository/ProcessorDesignProject/plasma_PDP/rtl/reg_bank.vhd \
      EN work/reg_bank 1494572038 CP RAM16X1D
FL /home/pdp/Repository/ProcessorDesignProject/plasma_PDP/rtl/shifter.vhd 2017/05/12.08:35:53 P.20131013
EN work/shifter 1494572044 \
      FL /home/pdp/Repository/ProcessorDesignProject/plasma_PDP/rtl/shifter.vhd \
      PB ieee/std_logic_1164 1381692176 PB work/mlite_pack 1494572029
AR work/shifter/logic 1494572045 \
      FL /home/pdp/Repository/ProcessorDesignProject/plasma_PDP/rtl/shifter.vhd \
      EN work/shifter 1494572044
FL /home/pdp/Repository/ProcessorDesignProject/plasma_PDP/rtl/top_ml410.vhd 2017/05/12.08:35:53 P.20131013
EN work/top_ml410 1494572070 \
      FL /home/pdp/Repository/ProcessorDesignProject/plasma_PDP/rtl/top_ml410.vhd \
      PB ieee/std_logic_1164 1381692176 PB ieee/STD_LOGIC_UNSIGNED 1381692179 \
      PB ieee/std_logic_arith 1381692177
AR work/top_ml410/logic 1494572071 \
      FL /home/pdp/Repository/ProcessorDesignProject/plasma_PDP/rtl/top_ml410.vhd \
      EN work/top_ml410 1494572070 CP plasma_top
FL /home/pdp/Repository/ProcessorDesignProject/plasma_PDP/rtl/uart.vhd 2017/05/12.08:35:53 P.20131013
EN work/uart 1494572060 \
      FL /home/pdp/Repository/ProcessorDesignProject/plasma_PDP/rtl/uart.vhd \
      PB ieee/std_logic_1164 1381692176 PB ieee/std_logic_misc 1381692178 \
      PB ieee/std_logic_arith 1381692177 PB ieee/STD_LOGIC_TEXTIO 1381692180 \
      PB ieee/STD_LOGIC_UNSIGNED 1381692179 PB std/TEXTIO 1381692176 \
      PB work/mlite_pack 1494572029
AR work/uart/logic 1494572061 \
      FL /home/pdp/Repository/ProcessorDesignProject/plasma_PDP/rtl/uart.vhd \
      EN work/uart 1494572060
